?bigint="1"^^<http://www.w3.org/2001/XMLSchema#integer>	?bigserial="1"^^<http://www.w3.org/2001/XMLSchema#integer>	?double="3.5E0"^^<http://www.w3.org/2001/XMLSchema#double>	?integer="1"^^<http://www.w3.org/2001/XMLSchema#integer>	?manifestChar="a"	?manifestCharacter="a"	?name="abc"	?numeric="1.00"^^<http://www.w3.org/2001/XMLSchema#decimal>	?real="2.5E0"^^<http://www.w3.org/2001/XMLSchema#double>	?serial="1"^^<http://www.w3.org/2001/XMLSchema#integer>	?smallint="1"^^<http://www.w3.org/2001/XMLSchema#integer>	?text="abc"	?varchar="abc"
