?avg="0"^^<http://www.w3.org/2001/XMLSchema#decimal> ?count="0"^^<http://www.w3.org/2001/XMLSchema#integer> ?p=<http://www.semanticweb.org/user/ontologies/2016/8/untitled-ontology-84#professor/1> ?sum="0"^^<http://www.w3.org/2001/XMLSchema#integer>
?avg="0"^^<http://www.w3.org/2001/XMLSchema#decimal> ?count="0"^^<http://www.w3.org/2001/XMLSchema#integer> ?p=<http://www.semanticweb.org/user/ontologies/2016/8/untitled-ontology-84#professor/2> ?sum="0"^^<http://www.w3.org/2001/XMLSchema#integer>
?avg="0"^^<http://www.w3.org/2001/XMLSchema#decimal> ?count="0"^^<http://www.w3.org/2001/XMLSchema#integer> ?p=<http://www.semanticweb.org/user/ontologies/2016/8/untitled-ontology-84#professor/3> ?sum="0"^^<http://www.w3.org/2001/XMLSchema#integer>
?avg="0"^^<http://www.w3.org/2001/XMLSchema#decimal> ?count="0"^^<http://www.w3.org/2001/XMLSchema#integer> ?p=<http://www.semanticweb.org/user/ontologies/2016/8/untitled-ontology-84#professor/4> ?sum="0"^^<http://www.w3.org/2001/XMLSchema#integer>
?avg="0"^^<http://www.w3.org/2001/XMLSchema#decimal> ?count="0"^^<http://www.w3.org/2001/XMLSchema#integer> ?p=<http://www.semanticweb.org/user/ontologies/2016/8/untitled-ontology-84#professor/5> ?sum="0"^^<http://www.w3.org/2001/XMLSchema#integer>
?avg="0"^^<http://www.w3.org/2001/XMLSchema#decimal> ?count="0"^^<http://www.w3.org/2001/XMLSchema#integer> ?p=<http://www.semanticweb.org/user/ontologies/2016/8/untitled-ontology-84#professor/6> ?sum="0"^^<http://www.w3.org/2001/XMLSchema#integer>
?avg="0"^^<http://www.w3.org/2001/XMLSchema#decimal> ?count="0"^^<http://www.w3.org/2001/XMLSchema#integer> ?p=<http://www.semanticweb.org/user/ontologies/2016/8/untitled-ontology-84#professor/7> ?sum="0"^^<http://www.w3.org/2001/XMLSchema#integer>
?avg="0"^^<http://www.w3.org/2001/XMLSchema#decimal> ?count="0"^^<http://www.w3.org/2001/XMLSchema#integer> ?p=<http://www.semanticweb.org/user/ontologies/2016/8/untitled-ontology-84#professor/8> ?sum="0"^^<http://www.w3.org/2001/XMLSchema#integer>
