?p=<http://www.semanticweb.org/user/ontologies/2016/8/untitled-ontology-84#professor/1> ?value="Rog Rog"^^<http://www.w3.org/2001/XMLSchema#string>
?p=<http://www.semanticweb.org/user/ontologies/2016/8/untitled-ontology-84#professor/2> ?value="Frankie Frankie"^^<http://www.w3.org/2001/XMLSchema#string>
?p=<http://www.semanticweb.org/user/ontologies/2016/8/untitled-ontology-84#professor/3> ?value="Johnny Johnny"^^<http://www.w3.org/2001/XMLSchema#string>
?p=<http://www.semanticweb.org/user/ontologies/2016/8/untitled-ontology-84#professor/4> ?value="King of Pop King of Pop"^^<http://www.w3.org/2001/XMLSchema#string>
?p=<http://www.semanticweb.org/user/ontologies/2016/8/untitled-ontology-84#professor/5> ?value=""^^<http://www.w3.org/2001/XMLSchema#string>
?p=<http://www.semanticweb.org/user/ontologies/2016/8/untitled-ontology-84#professor/6> ?value=""^^<http://www.w3.org/2001/XMLSchema#string>
?p=<http://www.semanticweb.org/user/ontologies/2016/8/untitled-ontology-84#professor/7> ?value=""^^<http://www.w3.org/2001/XMLSchema#string>
?p=<http://www.semanticweb.org/user/ontologies/2016/8/untitled-ontology-84#professor/8> ?value=""^^<http://www.w3.org/2001/XMLSchema#string>
