?p=<http://www.semanticweb.org/user/ontologies/2016/8/untitled-ontology-84#professor/1> ?v="nothing"^^<http://www.w3.org/2001/XMLSchema#string>
?p=<http://www.semanticweb.org/user/ontologies/2016/8/untitled-ontology-84#professor/2> ?v="Frankie"^^<http://www.w3.org/2001/XMLSchema#string>
?p=<http://www.semanticweb.org/user/ontologies/2016/8/untitled-ontology-84#professor/3> ?v="nothing"^^<http://www.w3.org/2001/XMLSchema#string>
?p=<http://www.semanticweb.org/user/ontologies/2016/8/untitled-ontology-84#professor/4> ?v="King of Pop"^^<http://www.w3.org/2001/XMLSchema#string>
?p=<http://www.semanticweb.org/user/ontologies/2016/8/untitled-ontology-84#professor/5> ?v=""^^<http://www.w3.org/2001/XMLSchema#string>
?p=<http://www.semanticweb.org/user/ontologies/2016/8/untitled-ontology-84#professor/6> ?v=""^^<http://www.w3.org/2001/XMLSchema#string>
?p=<http://www.semanticweb.org/user/ontologies/2016/8/untitled-ontology-84#professor/7> ?v=""^^<http://www.w3.org/2001/XMLSchema#string>
?p=<http://www.semanticweb.org/user/ontologies/2016/8/untitled-ontology-84#professor/8> ?v="nothing"^^<http://www.w3.org/2001/XMLSchema#string>
