?p=<http://www.semanticweb.org/user/ontologies/2016/8/untitled-ontology-84#professor/7> ?v="Dodero"
?p=<http://www.semanticweb.org/user/ontologies/2016/8/untitled-ontology-84#professor/5> ?v="Gamper"
?p=<http://www.semanticweb.org/user/ontologies/2016/8/untitled-ontology-84#professor/6> ?v="Helmer"
?p=<http://www.semanticweb.org/user/ontologies/2016/8/untitled-ontology-84#professor/4> ?v="Jackson"
?p=<http://www.semanticweb.org/user/ontologies/2016/8/untitled-ontology-84#professor/2> ?v="Pitt"
