?p1=<http://www.semanticweb.org/user/ontologies/2016/8/untitled-ontology-84#professor/3> ?v="Depp"
?p1=<http://www.semanticweb.org/user/ontologies/2016/8/untitled-ontology-84#professor/8> ?v="Poppins"
?p1=<http://www.semanticweb.org/user/ontologies/2016/8/untitled-ontology-84#professor/1> ?v="Smith"
?p1=<http://www.semanticweb.org/user/ontologies/2016/8/untitled-ontology-84#professor/1> ?v="Smith"
?p1=<http://www.semanticweb.org/user/ontologies/2016/8/untitled-ontology-84#professor/1> ?v="Smith"
