?p=<http://www.semanticweb.org/user/ontologies/2016/8/untitled-ontology-84#professor/3> ?v="12"^^<http://www.w3.org/2001/XMLSchema#integer>
?p=<http://www.semanticweb.org/user/ontologies/2016/8/untitled-ontology-84#professor/8> ?v="13"^^<http://www.w3.org/2001/XMLSchema#integer>
?p=<http://www.semanticweb.org/user/ontologies/2016/8/untitled-ontology-84#professor/1> ?v="31"^^<http://www.w3.org/2001/XMLSchema#integer>
