<http://example.com/base/植物/名=しそ;使用部=葉> <http://example.com/base/植物#使用部> "葉" .
<http://example.com/base/植物/名=しそ;使用部=葉> <http://example.com/base/植物#名> "しそ" .
<http://example.com/base/植物/名=しそ;使用部=葉> <http://example.com/base/植物#条件> "新鮮な" .
<http://example.com/base/植物/名=しそ;使用部=葉> <http://www.w3.org/1999/02/22-rdf-syntax-ns#type> <http://example.com/base/植物> .
_:a <http://example.com/base/成分#ref-植物名;使用部> <http://example.com/base/植物/名=しそ;使用部=葉> .
_:a <http://example.com/base/成分#使用部> "葉" .
_:a <http://example.com/base/成分#植物名> "しそ" .
_:a <http://example.com/base/成分#皿> "しそのとまと" .
_:a <http://www.w3.org/1999/02/22-rdf-syntax-ns#type> <http://example.com/base/成分> .
