?course=<https://example.test/course/1> ?teacher=<https://example.test/teacher/1>
?course=<https://example.test/course/2> ?teacher=<https://example.test/teacher/2>
?course=<https://example.test/course/3> ?teacher=<https://example.test/teacher/3>
?course=<https://example.test/course/4> ?teacher=<https://example.test/teacher/4>
?course=<https://example.test/course/5> ?teacher=<https://example.test/teacher/5>
