?lower="Crime and Punishment crime and punishment" ?upper="Crime and Punishment CRIME AND PUNISHMENT"
?lower="SPARQL Tutorial sparql tutorial" ?upper="SPARQL Tutorial SPARQL TUTORIAL"
?lower="The Logic Book: Introduction, Second Edition the logic book: introduction, second edition" ?upper="The Logic Book: Introduction, Second Edition THE LOGIC BOOK: INTRODUCTION, SECOND EDITION"
?lower="The Semantic Web the semantic web" ?upper="The Semantic Web THE SEMANTIC WEB"
