?decimal_div_zero="other"^^<http://www.w3.org/2001/XMLSchema#string> ?div_zero="other"^^<http://www.w3.org/2001/XMLSchema#string> ?invalid_add="other"^^<http://www.w3.org/2001/XMLSchema#string> ?invalid_div_left="other"^^<http://www.w3.org/2001/XMLSchema#string> ?invalid_div_right="other"^^<http://www.w3.org/2001/XMLSchema#string> ?invalid_mul="other"^^<http://www.w3.org/2001/XMLSchema#string> ?invalid_sub="other"^^<http://www.w3.org/2001/XMLSchema#string>
