?value="Crime and Punishment | good"^^<http://www.w3.org/2001/XMLSchema#string>
?value="SPARQL Tutorial | good"^^<http://www.w3.org/2001/XMLSchema#string>
?value="The Logic Book: Introduction, Second Edition | good"^^<http://www.w3.org/2001/XMLSchema#string>
?value="The Semantic Web | bad"^^<http://www.w3.org/2001/XMLSchema#string>
