?day="21"^^<http://www.w3.org/2001/XMLSchema#integer> ?hours="10"^^<http://www.w3.org/2001/XMLSchema#integer> ?minutes="23"^^<http://www.w3.org/2001/XMLSchema#integer> ?month="9"^^<http://www.w3.org/2001/XMLSchema#integer> ?seconds="6"^^<http://www.w3.org/2001/XMLSchema#decimal> ?title="Crime and Punishment"@en ?year="2015"^^<http://www.w3.org/2001/XMLSchema#integer>
?day="14"^^<http://www.w3.org/2001/XMLSchema#integer> ?hours="11"^^<http://www.w3.org/2001/XMLSchema#integer> ?minutes="47"^^<http://www.w3.org/2001/XMLSchema#integer> ?month="7"^^<http://www.w3.org/2001/XMLSchema#integer> ?seconds="52"^^<http://www.w3.org/2001/XMLSchema#decimal> ?title="SPARQL Tutorial"@en ?year="2014"^^<http://www.w3.org/2001/XMLSchema#integer>
?day="5"^^<http://www.w3.org/2001/XMLSchema#integer> ?hours="7"^^<http://www.w3.org/2001/XMLSchema#integer> ?minutes="50"^^<http://www.w3.org/2001/XMLSchema#integer> ?month="11"^^<http://www.w3.org/2001/XMLSchema#integer> ?seconds="0"^^<http://www.w3.org/2001/XMLSchema#decimal> ?title="The Logic Book: Introduction, Second Edition"@en ?year="1967"^^<http://www.w3.org/2001/XMLSchema#integer>
?day="8"^^<http://www.w3.org/2001/XMLSchema#integer> ?hours="12"^^<http://www.w3.org/2001/XMLSchema#integer> ?minutes="30"^^<http://www.w3.org/2001/XMLSchema#integer> ?month="12"^^<http://www.w3.org/2001/XMLSchema#integer> ?seconds="0"^^<http://www.w3.org/2001/XMLSchema#decimal> ?title="The Semantic Web"@en ?year="2011"^^<http://www.w3.org/2001/XMLSchema#integer>
