?error_branch="other"^^<http://www.w3.org/2001/XMLSchema#string> ?fallback="other"^^<http://www.w3.org/2001/XMLSchema#string> ?first="first"^^<http://www.w3.org/2001/XMLSchema#string> ?second="second"^^<http://www.w3.org/2001/XMLSchema#string> ?short="second"^^<http://www.w3.org/2001/XMLSchema#string>
