?abs="6.8"^^<http://www.w3.org/2001/XMLSchema#decimal> ?ceil="1"^^<http://www.w3.org/2001/XMLSchema#decimal> ?floor="0"^^<http://www.w3.org/2001/XMLSchema#decimal> ?round="0, 34"^^<http://www.w3.org/2001/XMLSchema#string> ?title="Crime and Punishment"@en
?abs="8.6"^^<http://www.w3.org/2001/XMLSchema#decimal> ?ceil="1"^^<http://www.w3.org/2001/XMLSchema#decimal> ?floor="0"^^<http://www.w3.org/2001/XMLSchema#decimal> ?round="0, 43"^^<http://www.w3.org/2001/XMLSchema#string> ?title="SPARQL Tutorial"@en
?abs="1.5"^^<http://www.w3.org/2001/XMLSchema#decimal> ?ceil="1"^^<http://www.w3.org/2001/XMLSchema#decimal> ?floor="0"^^<http://www.w3.org/2001/XMLSchema#decimal> ?round="0, 10"^^<http://www.w3.org/2001/XMLSchema#string> ?title="The Logic Book: Introduction, Second Edition"@en
?abs="5.75"^^<http://www.w3.org/2001/XMLSchema#decimal> ?ceil="1"^^<http://www.w3.org/2001/XMLSchema#decimal> ?floor="0"^^<http://www.w3.org/2001/XMLSchema#decimal> ?round="0, 23"^^<http://www.w3.org/2001/XMLSchema#string> ?title="The Semantic Web"@en
