?days="24766"^^<http://www.w3.org/2001/XMLSchema#long> ?hours="594407"^^<http://www.w3.org/2001/XMLSchema#long> ?millis="0"^^<http://www.w3.org/2001/XMLSchema#long> ?minutes="35664450"^^<http://www.w3.org/2001/XMLSchema#long> ?seconds="2139867000"^^<http://www.w3.org/2001/XMLSchema#long> ?weeks="3538"^^<http://www.w3.org/2001/XMLSchema#long>
