?iri="false"^^<http://www.w3.org/2001/XMLSchema#boolean> ?literal="true"^^<http://www.w3.org/2001/XMLSchema#boolean> ?numeric="true"^^<http://www.w3.org/2001/XMLSchema#boolean>
?iri="false"^^<http://www.w3.org/2001/XMLSchema#boolean> ?literal="true"^^<http://www.w3.org/2001/XMLSchema#boolean> ?numeric="true"^^<http://www.w3.org/2001/XMLSchema#boolean>
?iri="false"^^<http://www.w3.org/2001/XMLSchema#boolean> ?literal="true"^^<http://www.w3.org/2001/XMLSchema#boolean> ?numeric="true"^^<http://www.w3.org/2001/XMLSchema#boolean>
?iri="false"^^<http://www.w3.org/2001/XMLSchema#boolean> ?literal="true"^^<http://www.w3.org/2001/XMLSchema#boolean> ?numeric="true"^^<http://www.w3.org/2001/XMLSchema#boolean>
