?boolean="true"^^<http://www.w3.org/2001/XMLSchema#string> ?date="1999-12-14"^^<http://www.w3.org/2001/XMLSchema#string> ?decimal="2.0"^^<http://www.w3.org/2001/XMLSchema#string> ?double="0.0"^^<http://www.w3.org/2001/XMLSchema#string> ?float="2.0654"^^<http://www.w3.org/2001/XMLSchema#string> ?integer="19991214"^^<http://www.w3.org/2001/XMLSchema#string> ?string="abc"^^<http://www.w3.org/2001/XMLSchema#string> ?stringNumeric="2.0654"^^<http://www.w3.org/2001/XMLSchema#string>
